// Jest Snapshot v1, https://goo.gl/fbAQLP

exports[`Nav should render component 1`] = `
<div>
  <div
    class="sc-gsnTZi bLzQqw"
  >
    <div
      class="sc-bczRLJ fEEeGt"
      data-testid="Test"
      to="/"
    >
      Test
    </div>
  </div>
</div>
`;
