// Jest Snapshot v1, https://goo.gl/fbAQLP

exports[`Pagination should render the component 1`] = `
<div>
  <div
    class="sc-bczRLJ kOjpRg"
    data-testid="pagination-wrapper"
  >
    <div
      class="sc-gsnTZi hiWrvB"
      data-testid="back-ic"
    >
      <svg
        fill="currentColor"
        height="1.5em"
        stroke="currentColor"
        stroke-width="0"
        viewBox="0 0 20 20"
        width="1.5em"
        xmlns="http://www.w3.org/2000/svg"
      >
        <path
          clip-rule="evenodd"
          d="M9.707 16.707a1 1 0 01-1.414 0l-6-6a1 1 0 010-1.414l6-6a1 1 0 011.414 1.414L5.414 9H17a1 1 0 110 2H5.414l4.293 4.293a1 1 0 010 1.414z"
          fill-rule="evenodd"
        />
      </svg>
    </div>
    <p
      class="sc-dkzDqf bwSjOE"
      data-testid="page-number-title"
    >
      title
    </p>
    <div
      class="sc-gsnTZi hiWrvB"
      data-testid="forward-ic"
    >
      <svg
        fill="currentColor"
        height="1.5em"
        stroke="currentColor"
        stroke-width="0"
        viewBox="0 0 20 20"
        width="1.5em"
        xmlns="http://www.w3.org/2000/svg"
      >
        <path
          clip-rule="evenodd"
          d="M10.293 3.293a1 1 0 011.414 0l6 6a1 1 0 010 1.414l-6 6a1 1 0 01-1.414-1.414L14.586 11H3a1 1 0 110-2h11.586l-4.293-4.293a1 1 0 010-1.414z"
          fill-rule="evenodd"
        />
      </svg>
    </div>
  </div>
</div>
`;
